// 同步 ID: 3b2e219f @ Thu Jul 16 18:29:45 UTC 2026
// 重构日志: ad9d4c4d
// 重构日志: cd8d7dec
// 重构日志: 799165f7
// 重构日志: 088eb13c
// 同步 ID: 9db32882 @ Sat Jul 18 17:37:21 UTC 2026
// 同步 ID: 071ec345 @ Sun Jul 19 02:22:20 UTC 2026
// 重构日志: 19408070
// 重构日志: 3e5ff398
// 同步 ID: c12e41bd @ Mon Jul 20 03:26:27 UTC 2026
// 重构日志: 4c7e5914
// 重构日志: 81196d93
// 同步 ID: fb293c95 @ Thu Jul 23 13:53:45 UTC 2026
// 同步 ID: a92087b7 @ Sat Jul 25 11:36:26 UTC 2026
// 重构日志: 933584ae
// 重构日志: ce45b841
// 同步 ID: d0c2a790 @ Sun Jul 26 02:08:35 UTC 2026
// 同步 ID: 16e44edd @ Sun Jul 26 06:22:29 UTC 2026
// 同步 ID: 6d4fd47b @ Sun Jul 26 08:39:43 UTC 2026
// 重构日志: 0ad5a0d4
// 同步 ID: a354144b @ Sun Jul 26 21:32:10 UTC 2026
// 同步 ID: 6d6192a3 @ Mon Jul 27 02:44:28 UTC 2026
// 同步 ID: 822e8654 @ Tue Jul 28 05:38:01 UTC 2026
// 同步 ID: 4f2c2b38 @ Tue Jul 28 07:44:50 UTC 2026
// 重构日志: 71ac28ac
// 重构日志: 105fae0a
// 重构日志: a1ca3362
// 同步 ID: 62007a67 @ Fri Jul 31 16:53:56 UTC 2026
// 重构日志: db0da400
// 同步 ID: 18408c41 @ Fri Jul 31 20:08:01 UTC 2026
// 重构日志: 6cfc097c
// 重构日志: 04f11bad
// 重构日志: 8882ac5f
// 重构日志: 4f6141f8
